// Jest Snapshot v1, https://goo.gl/fbAQLP

exports[`CVEPageDetailsSeverity component should render where impact value is Critial 1`] = `
<Fragment>
  <Stack
    className=""
    component="div"
    gutter="sm"
  >
    <StackItem
      className=""
      isMain={false}
    >
      <TextContent
        className="cve-cvss-base-score"
      >
        <Text
          className=""
          component="h1"
        >
          N/A
        </Text>
        <Text
          className=""
          component="h4"
        >
          CVSS base score
        </Text>
      </TextContent>
    </StackItem>
    <StackItem
      className=""
      isMain={false}
    >
      <TextContent
        className=""
      >
        <Text
          className=""
          component="h6"
        >
          Severity
        </Text>
      </TextContent>
      <Split
        className=""
        component="div"
        gutter={null}
      >
        <SplitItem
          className=""
          isMain={false}
        >
          <Shield
            hasTooltip={false}
            impact="Critical"
            size="md"
            title=""
            tooltipPosition="top"
            tooltipPrefix=""
          />
        </SplitItem>
        <SplitItem
          className=""
          isMain={false}
        >
          <Title
            size="md"
          >
            <SeverityRating
              format="title"
              impact="Critical"
            />
          </Title>
        </SplitItem>
      </Split>
    </StackItem>
    <StackItem
      className=""
      isMain={false}
    >
      <TextContent
        className=""
      >
        <SeverityRating
          format="link"
          impact="Critical"
        />
      </TextContent>
    </StackItem>
  </Stack>
</Fragment>
`;

exports[`CVEPageDetailsSeverity component should render where impact value is undefined 1`] = `
<Fragment>
  <Stack
    className=""
    component="div"
    gutter="sm"
  >
    <StackItem
      className=""
      isMain={false}
    >
      <TextContent
        className="cve-cvss-base-score"
      >
        <Text
          className=""
          component="h1"
        >
          N/A
        </Text>
        <Text
          className=""
          component="h4"
        >
          CVSS base score
        </Text>
      </TextContent>
    </StackItem>
    <StackItem
      className=""
      isMain={false}
    >
      <TextContent
        className=""
      >
        <Text
          className=""
          component="h6"
        >
          Severity
        </Text>
      </TextContent>
      <Split
        className=""
        component="div"
        gutter={null}
      >
        <SplitItem
          className=""
          isMain={false}
        >
          <Shield
            hasTooltip={false}
            impact="Unknown"
            size="md"
            title=""
            tooltipPosition="top"
            tooltipPrefix=""
          />
        </SplitItem>
        <SplitItem
          className=""
          isMain={false}
        >
          <Title
            size="md"
          >
            <SeverityRating
              format="title"
              impact="Unknown"
            />
          </Title>
        </SplitItem>
      </Split>
    </StackItem>
    <StackItem
      className=""
      isMain={false}
    >
      <TextContent
        className=""
      >
        <SeverityRating
          format="link"
          impact="Unknown"
        />
      </TextContent>
    </StackItem>
  </Stack>
</Fragment>
`;

exports[`CVEPageDetailsSeverity component should render without props 1`] = `
<Fragment>
  <Stack
    className=""
    component="div"
    gutter="sm"
  >
    <StackItem
      className=""
      isMain={false}
    >
      <TextContent
        className="cve-cvss-base-score"
      >
        <Text
          className=""
          component="h1"
        >
          N/A
        </Text>
        <Text
          className=""
          component="h4"
        >
          CVSS base score
        </Text>
      </TextContent>
    </StackItem>
    <StackItem
      className=""
      isMain={false}
    >
      <TextContent
        className=""
      >
        <Text
          className=""
          component="h6"
        >
          Severity
        </Text>
      </TextContent>
      <Split
        className=""
        component="div"
        gutter={null}
      >
        <SplitItem
          className=""
          isMain={false}
        >
          <Shield
            hasTooltip={false}
            impact="Unknown"
            size="md"
            title=""
            tooltipPosition="top"
            tooltipPrefix=""
          />
        </SplitItem>
        <SplitItem
          className=""
          isMain={false}
        >
          <Title
            size="md"
          >
            <SeverityRating
              format="title"
              impact="Unknown"
            />
          </Title>
        </SplitItem>
      </Split>
    </StackItem>
    <StackItem
      className=""
      isMain={false}
    >
      <TextContent
        className=""
      >
        <SeverityRating
          format="link"
          impact="Unknown"
        />
      </TextContent>
    </StackItem>
  </Stack>
</Fragment>
`;
