// Jest Snapshot v1, https://goo.gl/fbAQLP

exports[`Dashbar Should match the snapshot 1`] = `
<Provider
  store={
    Object {
      "clearActions": [Function],
      "dispatch": [Function],
      "getActions": [Function],
      "getState": [Function],
      "replaceReducer": [Function],
      "subscribe": [Function],
    }
  }
>
  <BrowserRouter>
    <Router
      history={
        Object {
          "action": "POP",
          "block": [Function],
          "createHref": [Function],
          "go": [Function],
          "goBack": [Function],
          "goForward": [Function],
          "length": 1,
          "listen": [Function],
          "location": Object {
            "hash": "",
            "pathname": "/",
            "search": "",
            "state": undefined,
          },
          "push": [Function],
          "replace": [Function],
        }
      }
    >
      <Dashbar>
        <Connect(Main)
          style={
            Object {
              "paddingBottom": 0,
            }
          }
        >
          <Main
            style={
              Object {
                "paddingBottom": 0,
              }
            }
          >
            <section
              className="pf-l-page__main-section pf-c-page__main-section"
              page-type=""
              style={
                Object {
                  "paddingBottom": 0,
                }
              }
            >
              <Stack
                hasGutter={true}
              >
                <div
                  className="pf-l-stack pf-m-gutter"
                >
                  <StackItem>
                    <div
                      className="pf-l-stack__item"
                    >
                      <Grid
                        hasGutter={true}
                      >
                        <div
                          className="pf-l-grid pf-m-gutter"
                        >
                          <GridItem
                            md={3}
                            span={12}
                          >
                            <div
                              className="pf-l-grid__item pf-m-12-col pf-m-3-col-on-md"
                            >
                              <DashbarItem
                                count={1}
                                onLinkClick={[Function]}
                                title={
                                  <Memo(MemoizedFormattedMessage)
                                    defaultMessage="CVEs with known exploits"
                                    description="Title of Known exploit card"
                                    id="dashbarKnownExploitsTitle"
                                  />
                                }
                              >
                                <Card
                                  className="card-box"
                                  isFullHeight={true}
                                >
                                  <article
                                    className="pf-c-card pf-m-full-height card-box"
                                    data-ouia-component-id="OUIA-Generated-Card-1"
                                    data-ouia-component-type="PF4/Card"
                                    data-ouia-safe={true}
                                    id=""
                                  >
                                    <CardBody>
                                      <div
                                        className="pf-c-card__body"
                                      >
                                        <Text
                                          className="pf-u-font-size-lg pf-u-font-weight-bold"
                                        >
                                          <p
                                            className="pf-u-font-size-lg pf-u-font-weight-bold"
                                            data-ouia-component-id="OUIA-Generated-Text-1"
                                            data-ouia-component-type="PF4/Text"
                                            data-ouia-safe={true}
                                            data-pf-content={true}
                                          >
                                            <FormattedMessage
                                              defaultMessage="CVEs with known exploits"
                                              description="Title of Known exploit card"
                                              id="dashbarKnownExploitsTitle"
                                            >
                                              CVEs with known exploits
                                            </FormattedMessage>
                                          </p>
                                        </Text>
                                        <Text
                                          className="pf-u-font-size-lg pf-u-font-weight-bold pf-u-mt-xs"
                                        >
                                          <p
                                            className="pf-u-font-size-lg pf-u-font-weight-bold pf-u-mt-xs"
                                            data-ouia-component-id="OUIA-Generated-Text-2"
                                            data-ouia-component-type="PF4/Text"
                                            data-ouia-safe={true}
                                            data-pf-content={true}
                                          >
                                            <a
                                              onClick={[Function]}
                                            >
                                              1
                                            </a>
                                          </p>
                                        </Text>
                                      </div>
                                    </CardBody>
                                  </article>
                                </Card>
                              </DashbarItem>
                            </div>
                          </GridItem>
                          <GridItem
                            md={3}
                            span={12}
                          >
                            <div
                              className="pf-l-grid__item pf-m-12-col pf-m-3-col-on-md"
                            >
                              <DashbarItem
                                count={2}
                                onLinkClick={[Function]}
                                title={
                                  <Memo(MemoizedFormattedMessage)
                                    defaultMessage="CVEs with security rules"
                                    description="Title of Security rule card"
                                    id="dashbarSecurityRulesTitle"
                                  />
                                }
                              >
                                <Card
                                  className="card-box"
                                  isFullHeight={true}
                                >
                                  <article
                                    className="pf-c-card pf-m-full-height card-box"
                                    data-ouia-component-id="OUIA-Generated-Card-2"
                                    data-ouia-component-type="PF4/Card"
                                    data-ouia-safe={true}
                                    id=""
                                  >
                                    <CardBody>
                                      <div
                                        className="pf-c-card__body"
                                      >
                                        <Text
                                          className="pf-u-font-size-lg pf-u-font-weight-bold"
                                        >
                                          <p
                                            className="pf-u-font-size-lg pf-u-font-weight-bold"
                                            data-ouia-component-id="OUIA-Generated-Text-3"
                                            data-ouia-component-type="PF4/Text"
                                            data-ouia-safe={true}
                                            data-pf-content={true}
                                          >
                                            <FormattedMessage
                                              defaultMessage="CVEs with security rules"
                                              description="Title of Security rule card"
                                              id="dashbarSecurityRulesTitle"
                                            >
                                              CVEs with security rules
                                            </FormattedMessage>
                                          </p>
                                        </Text>
                                        <Text
                                          className="pf-u-font-size-lg pf-u-font-weight-bold pf-u-mt-xs"
                                        >
                                          <p
                                            className="pf-u-font-size-lg pf-u-font-weight-bold pf-u-mt-xs"
                                            data-ouia-component-id="OUIA-Generated-Text-4"
                                            data-ouia-component-type="PF4/Text"
                                            data-ouia-safe={true}
                                            data-pf-content={true}
                                          >
                                            <a
                                              onClick={[Function]}
                                            >
                                              2
                                            </a>
                                          </p>
                                        </Text>
                                      </div>
                                    </CardBody>
                                  </article>
                                </Card>
                              </DashbarItem>
                            </div>
                          </GridItem>
                          <GridItem
                            md={3}
                            span={12}
                          >
                            <div
                              className="pf-l-grid__item pf-m-12-col pf-m-3-col-on-md"
                            >
                              <DashbarItem
                                count={3}
                                hasIcon={true}
                                impact="Critical"
                                onLinkClick={[Function]}
                                title={
                                  <Memo(MemoizedFormattedMessage)
                                    defaultMessage="CVEs with critical severity"
                                    description="Title of Critical severity card"
                                    id="dashbarCriticalSeverityTitle"
                                  />
                                }
                              >
                                <Card
                                  className="card-box"
                                  isFullHeight={true}
                                >
                                  <article
                                    className="pf-c-card pf-m-full-height card-box"
                                    data-ouia-component-id="OUIA-Generated-Card-3"
                                    data-ouia-component-type="PF4/Card"
                                    data-ouia-safe={true}
                                    id=""
                                  >
                                    <CardBody>
                                      <div
                                        className="pf-c-card__body"
                                      >
                                        <Text
                                          className="pf-u-font-size-lg pf-u-font-weight-bold"
                                        >
                                          <p
                                            className="pf-u-font-size-lg pf-u-font-weight-bold"
                                            data-ouia-component-id="OUIA-Generated-Text-5"
                                            data-ouia-component-type="PF4/Text"
                                            data-ouia-safe={true}
                                            data-pf-content={true}
                                          >
                                            <FormattedMessage
                                              defaultMessage="CVEs with critical severity"
                                              description="Title of Critical severity card"
                                              id="dashbarCriticalSeverityTitle"
                                            >
                                              CVEs with critical severity
                                            </FormattedMessage>
                                          </p>
                                        </Text>
                                        <Text
                                          className="pf-u-font-size-lg pf-u-font-weight-bold pf-u-mt-xs"
                                        >
                                          <p
                                            className="pf-u-font-size-lg pf-u-font-weight-bold pf-u-mt-xs"
                                            data-ouia-component-id="OUIA-Generated-Text-6"
                                            data-ouia-component-type="PF4/Text"
                                            data-ouia-safe={true}
                                            data-pf-content={true}
                                          >
                                            <a
                                              onClick={[Function]}
                                            >
                                              <SecurityIcon
                                                className="pf-u-mr-sm"
                                                color="var(--pf-global--palette--red-200)"
                                                noVerticalAlign={false}
                                                size="sm"
                                              >
                                                <svg
                                                  aria-hidden={true}
                                                  aria-labelledby={null}
                                                  className="pf-u-mr-sm"
                                                  fill="var(--pf-global--palette--red-200)"
                                                  height="1em"
                                                  role="img"
                                                  style={
                                                    Object {
                                                      "verticalAlign": "-0.125em",
                                                    }
                                                  }
                                                  viewBox="0 0 896 1024"
                                                  width="1em"
                                                >
                                                  <path
                                                    d="M861.5,0 L34.5,0 C15.4,0 0,14.3 0,32 L0,452.1 C0,768 387.7,1024 448.5,1024 C509.3,1024 896,768 896,452.2 L896,32 C896,14.3 880.6,0 861.5,0 Z M490.7,768 L405.3,768 C393.5,767.8 384.2,757.5 384,744.7 L384,663.3 C384.2,650.5 393.6,640.3 405.3,640 L490.7,640 C502.5,640.2 511.8,650.5 512,663.3 L512,744.7 L512.1,744.7 C511.8,757.5 502.4,767.8 490.7,768 Z M543.9,162.7 L517.2,514.4 C515.8,530.9 502,544 485.3,544 L410.6,544 C394,544 380.1,531.2 378.7,514.7 L352.1,163 C350.5,144.3 365.3,128.3 384,128.3 L512,128 C530.7,128 545.4,144 543.9,162.7 Z"
                                                  />
                                                </svg>
                                              </SecurityIcon>
                                              3
                                            </a>
                                          </p>
                                        </Text>
                                      </div>
                                    </CardBody>
                                  </article>
                                </Card>
                              </DashbarItem>
                            </div>
                          </GridItem>
                          <GridItem
                            md={3}
                            span={12}
                          >
                            <div
                              className="pf-l-grid__item pf-m-12-col pf-m-3-col-on-md"
                            >
                              <DashbarItem
                                count={4}
                                hasIcon={true}
                                impact="Important"
                                onLinkClick={[Function]}
                                title={
                                  <Memo(MemoizedFormattedMessage)
                                    defaultMessage="CVEs with important severity"
                                    description="Title of Important Severity card"
                                    id="dashbarImportantSeverityTitle"
                                  />
                                }
                              >
                                <Card
                                  className="card-box"
                                  isFullHeight={true}
                                >
                                  <article
                                    className="pf-c-card pf-m-full-height card-box"
                                    data-ouia-component-id="OUIA-Generated-Card-4"
                                    data-ouia-component-type="PF4/Card"
                                    data-ouia-safe={true}
                                    id=""
                                  >
                                    <CardBody>
                                      <div
                                        className="pf-c-card__body"
                                      >
                                        <Text
                                          className="pf-u-font-size-lg pf-u-font-weight-bold"
                                        >
                                          <p
                                            className="pf-u-font-size-lg pf-u-font-weight-bold"
                                            data-ouia-component-id="OUIA-Generated-Text-7"
                                            data-ouia-component-type="PF4/Text"
                                            data-ouia-safe={true}
                                            data-pf-content={true}
                                          >
                                            <FormattedMessage
                                              defaultMessage="CVEs with important severity"
                                              description="Title of Important Severity card"
                                              id="dashbarImportantSeverityTitle"
                                            >
                                              CVEs with important severity
                                            </FormattedMessage>
                                          </p>
                                        </Text>
                                        <Text
                                          className="pf-u-font-size-lg pf-u-font-weight-bold pf-u-mt-xs"
                                        >
                                          <p
                                            className="pf-u-font-size-lg pf-u-font-weight-bold pf-u-mt-xs"
                                            data-ouia-component-id="OUIA-Generated-Text-8"
                                            data-ouia-component-type="PF4/Text"
                                            data-ouia-safe={true}
                                            data-pf-content={true}
                                          >
                                            <a
                                              onClick={[Function]}
                                            >
                                              <SecurityIcon
                                                className="pf-u-mr-sm"
                                                color="var(--pf-global--palette--orange-300)"
                                                noVerticalAlign={false}
                                                size="sm"
                                              >
                                                <svg
                                                  aria-hidden={true}
                                                  aria-labelledby={null}
                                                  className="pf-u-mr-sm"
                                                  fill="var(--pf-global--palette--orange-300)"
                                                  height="1em"
                                                  role="img"
                                                  style={
                                                    Object {
                                                      "verticalAlign": "-0.125em",
                                                    }
                                                  }
                                                  viewBox="0 0 896 1024"
                                                  width="1em"
                                                >
                                                  <path
                                                    d="M861.5,0 L34.5,0 C15.4,0 0,14.3 0,32 L0,452.1 C0,768 387.7,1024 448.5,1024 C509.3,1024 896,768 896,452.2 L896,32 C896,14.3 880.6,0 861.5,0 Z M490.7,768 L405.3,768 C393.5,767.8 384.2,757.5 384,744.7 L384,663.3 C384.2,650.5 393.6,640.3 405.3,640 L490.7,640 C502.5,640.2 511.8,650.5 512,663.3 L512,744.7 L512.1,744.7 C511.8,757.5 502.4,767.8 490.7,768 Z M543.9,162.7 L517.2,514.4 C515.8,530.9 502,544 485.3,544 L410.6,544 C394,544 380.1,531.2 378.7,514.7 L352.1,163 C350.5,144.3 365.3,128.3 384,128.3 L512,128 C530.7,128 545.4,144 543.9,162.7 Z"
                                                  />
                                                </svg>
                                              </SecurityIcon>
                                              4
                                            </a>
                                          </p>
                                        </Text>
                                      </div>
                                    </CardBody>
                                  </article>
                                </Card>
                              </DashbarItem>
                            </div>
                          </GridItem>
                        </div>
                      </Grid>
                    </div>
                  </StackItem>
                  <StackItem>
                    <div
                      className="pf-l-stack__item"
                    >
                      <Alert
                        isInline={true}
                        title="Announcement"
                        variant="warning"
                      >
                        <div
                          aria-label="Warning Alert"
                          className="pf-c-alert pf-m-inline pf-m-warning"
                          data-ouia-component-id="OUIA-Generated-Alert-warning-1"
                          data-ouia-component-type="PF4/Alert"
                          data-ouia-safe={true}
                          onMouseEnter={[Function]}
                          onMouseLeave={[Function]}
                        >
                          <AlertIcon
                            variant="warning"
                          >
                            <div
                              className="pf-c-alert__icon"
                            >
                              <ExclamationTriangleIcon
                                color="currentColor"
                                noVerticalAlign={false}
                                size="sm"
                              >
                                <svg
                                  aria-hidden={true}
                                  aria-labelledby={null}
                                  fill="currentColor"
                                  height="1em"
                                  role="img"
                                  style={
                                    Object {
                                      "verticalAlign": "-0.125em",
                                    }
                                  }
                                  viewBox="0 0 576 512"
                                  width="1em"
                                >
                                  <path
                                    d="M569.517 440.013C587.975 472.007 564.806 512 527.94 512H48.054c-36.937 0-59.999-40.055-41.577-71.987L246.423 23.985c18.467-32.009 64.72-31.951 83.154 0l239.94 416.028zM288 354c-25.405 0-46 20.595-46 46s20.595 46 46 46 46-20.595 46-46-20.595-46-46-46zm-43.673-165.346l7.418 136c.347 6.364 5.609 11.346 11.982 11.346h48.546c6.373 0 11.635-4.982 11.982-11.346l7.418-136c.375-6.874-5.098-12.654-11.982-12.654h-63.383c-6.884 0-12.356 5.78-11.981 12.654z"
                                  />
                                </svg>
                              </ExclamationTriangleIcon>
                            </div>
                          </AlertIcon>
                          <h4
                            className="pf-c-alert__title"
                          >
                            <span
                              className="pf-u-screen-reader"
                            >
                              Warning alert:
                            </span>
                            Announcement
                          </h4>
                          <div
                            className="pf-c-alert__description"
                          >
                            Message test!
                          </div>
                        </div>
                      </Alert>
                    </div>
                  </StackItem>
                </div>
              </Stack>
            </section>
          </Main>
        </Connect(Main)>
      </Dashbar>
    </Router>
  </BrowserRouter>
</Provider>
`;
