// Jest Snapshot v1, https://goo.gl/fbAQLP

exports[`CVEPageDetails component should render with data 1`] = `
<div
  className="cve-overview-card"
>
  <Stack
    className=""
    component="div"
    gutter="md"
  >
    <StackItem
      className=""
      isFilled={false}
    >
      <WithLoader>
        <CVEPageDetailsTitle
          publish_date=""
          title=""
        />
      </WithLoader>
    </StackItem>
    <StackItem
      className=""
      isFilled={false}
    >
      <Grid
        className=""
        gutter="sm"
        lg={null}
        md={null}
        sm={null}
        span={null}
        xl={null}
      >
        <GridItem
          className=""
          lg={null}
          lgOffset={null}
          lgRowSpan={null}
          md={8}
          mdOffset={null}
          mdRowSpan={null}
          offset={null}
          rowSpan={null}
          sm={12}
          smOffset={null}
          smRowSpan={null}
          span={null}
          xl={null}
          xlOffset={null}
          xlRowSpan={null}
        >
          <WithLoader>
            <CVEPageDetailsDescription
              description=""
              links={
                Array [
                  undefined,
                  undefined,
                ]
              }
            />
          </WithLoader>
        </GridItem>
        <GridItem
          className="severity-info-box"
          lg={null}
          lgOffset={null}
          lgRowSpan={null}
          md={4}
          mdOffset={null}
          mdRowSpan={null}
          offset={null}
          rowSpan={null}
          sm={12}
          smOffset={null}
          smRowSpan={null}
          span={null}
          xl={null}
          xlOffset={null}
          xlRowSpan={null}
        >
          <WithLoader>
            <CVEPageDetailsSeverity
              impact="Unknown"
            />
          </WithLoader>
        </GridItem>
      </Grid>
    </StackItem>
  </Stack>
</div>
`;

exports[`CVEPageDetails component should render with enabled WithLoader 1`] = `
<div
  className="cve-overview-card"
>
  <Stack
    className=""
    component="div"
    gutter="md"
  >
    <StackItem
      className=""
      isFilled={false}
    >
      <WithLoader
        loading={true}
      >
        <CVEPageDetailsTitle
          publish_date=""
          title=""
        />
      </WithLoader>
    </StackItem>
    <StackItem
      className=""
      isFilled={false}
    >
      <Grid
        className=""
        gutter="sm"
        lg={null}
        md={null}
        sm={null}
        span={null}
        xl={null}
      >
        <GridItem
          className=""
          lg={null}
          lgOffset={null}
          lgRowSpan={null}
          md={8}
          mdOffset={null}
          mdRowSpan={null}
          offset={null}
          rowSpan={null}
          sm={12}
          smOffset={null}
          smRowSpan={null}
          span={null}
          xl={null}
          xlOffset={null}
          xlRowSpan={null}
        >
          <WithLoader
            loading={true}
          >
            <CVEPageDetailsDescription
              description=""
              links={
                Array [
                  undefined,
                  undefined,
                ]
              }
            />
          </WithLoader>
        </GridItem>
        <GridItem
          className="severity-info-box"
          lg={null}
          lgOffset={null}
          lgRowSpan={null}
          md={4}
          mdOffset={null}
          mdRowSpan={null}
          offset={null}
          rowSpan={null}
          sm={12}
          smOffset={null}
          smRowSpan={null}
          span={null}
          xl={null}
          xlOffset={null}
          xlRowSpan={null}
        >
          <WithLoader
            loading={true}
          >
            <CVEPageDetailsSeverity
              impact="Unknown"
            />
          </WithLoader>
        </GridItem>
      </Grid>
    </StackItem>
  </Stack>
</div>
`;

exports[`CVEPageDetails component should render with long description 1`] = `
<div
  className="cve-overview-card"
>
  <Stack
    className=""
    component="div"
    gutter="md"
  >
    <StackItem
      className=""
      isFilled={false}
    >
      <WithLoader
        loading={false}
      >
        <CVEPageDetailsTitle
          publish_date="February 18th, 2019"
          title="CVE-2019-6454"
        />
      </WithLoader>
    </StackItem>
    <StackItem
      className=""
      isFilled={false}
    >
      <Grid
        className=""
        gutter="sm"
        lg={null}
        md={null}
        sm={null}
        span={null}
        xl={null}
      >
        <GridItem
          className=""
          lg={null}
          lgOffset={null}
          lgRowSpan={null}
          md={8}
          mdOffset={null}
          mdRowSpan={null}
          offset={null}
          rowSpan={null}
          sm={12}
          smOffset={null}
          smRowSpan={null}
          span={null}
          xl={null}
          xlOffset={null}
          xlRowSpan={null}
        >
          <WithLoader
            loading={false}
          >
            <CVEPageDetailsDescription
              description="Lorem ipsum dolor sit amet, consectetur adipiscing elit. Morbi consectetur molestie tristique. Proin ornare urna ut consequat pellentesque. Sed commodo porta sollicitudin. Interdum et malesuada fames ac ante ipsum primis in faucibus. Pellentesque habitant morbi tristique senectus et netus et nullam."
              links={
                Array [
                  undefined,
                  undefined,
                ]
              }
            />
          </WithLoader>
        </GridItem>
        <GridItem
          className="severity-info-box"
          lg={null}
          lgOffset={null}
          lgRowSpan={null}
          md={4}
          mdOffset={null}
          mdRowSpan={null}
          offset={null}
          rowSpan={null}
          sm={12}
          smOffset={null}
          smRowSpan={null}
          span={null}
          xl={null}
          xlOffset={null}
          xlRowSpan={null}
        >
          <WithLoader
            loading={false}
          >
            <CVEPageDetailsSeverity
              cvss3_score="7.000"
              impact="Important"
            />
          </WithLoader>
        </GridItem>
      </Grid>
    </StackItem>
  </Stack>
</div>
`;

exports[`CVEPageDetails component should render without data 1`] = `
<div
  className="cve-overview-card"
>
  <Stack
    className=""
    component="div"
    gutter="md"
  >
    <StackItem
      className=""
      isFilled={false}
    >
      <WithLoader
        loading={false}
      >
        <CVEPageDetailsTitle
          publish_date=""
          title=""
        />
      </WithLoader>
    </StackItem>
    <StackItem
      className=""
      isFilled={false}
    >
      <Grid
        className=""
        gutter="sm"
        lg={null}
        md={null}
        sm={null}
        span={null}
        xl={null}
      >
        <GridItem
          className=""
          lg={null}
          lgOffset={null}
          lgRowSpan={null}
          md={8}
          mdOffset={null}
          mdRowSpan={null}
          offset={null}
          rowSpan={null}
          sm={12}
          smOffset={null}
          smRowSpan={null}
          span={null}
          xl={null}
          xlOffset={null}
          xlRowSpan={null}
        >
          <WithLoader
            loading={false}
          >
            <CVEPageDetailsDescription
              description=""
              links={
                Array [
                  undefined,
                  undefined,
                ]
              }
            />
          </WithLoader>
        </GridItem>
        <GridItem
          className="severity-info-box"
          lg={null}
          lgOffset={null}
          lgRowSpan={null}
          md={4}
          mdOffset={null}
          mdRowSpan={null}
          offset={null}
          rowSpan={null}
          sm={12}
          smOffset={null}
          smRowSpan={null}
          span={null}
          xl={null}
          xlOffset={null}
          xlRowSpan={null}
        >
          <WithLoader
            loading={false}
          >
            <CVEPageDetailsSeverity
              impact="Unknown"
            />
          </WithLoader>
        </GridItem>
      </Grid>
    </StackItem>
  </Stack>
</div>
`;
