// Jest Snapshot v1, https://goo.gl/fbAQLP

exports[`CVEPageDetailsTitle component should render without props 1`] = `
<TextContent
  className=""
>
  <Text
    className=""
    component="p"
  >
    Publish date: 
  </Text>
</TextContent>
`;
