// Jest Snapshot v1, https://goo.gl/fbAQLP

exports[`VulnerabilitiesHelper test function createCveListByAccount() with cveList param 1`] = `"{\\"data\\":[{\\"id\\":\\"CVE-2019-6454\\",\\"cells\\":[{\\"type\\":\\"span\\",\\"key\\":\\"CVE-2019-6454\\",\\"ref\\":null,\\"props\\":{\\"children\\":{\\"key\\":null,\\"ref\\":null,\\"props\\":{\\"to\\":\\"/cves/CVE-2019-6454\\",\\"children\\":\\"CVE-2019-6454\\",\\"replace\\":false},\\"_owner\\":null,\\"_store\\":{}}},\\"_owner\\":null,\\"_store\\":{}},{\\"type\\":\\"span\\",\\"key\\":\\"CVE-2019-6454\\",\\"ref\\":null,\\"props\\":{\\"children\\":{\\"key\\":null,\\"ref\\":null,\\"props\\":{\\"content\\":\\"** RESERVED ** This candidate\\",\\"maxLength\\":180,\\"entryDelay\\":1200,\\"tooltipPosition\\":\\"top\\",\\"tooltipMaxWidth\\":\\"50vw\\"},\\"_owner\\":null,\\"_store\\":{}}},\\"_owner\\":null,\\"_store\\":{}},{\\"type\\":\\"span\\",\\"key\\":\\"CVE-2019-6454\\",\\"ref\\":null,\\"props\\":{\\"children\\":\\"18 Feb 2019\\"},\\"_owner\\":null,\\"_store\\":{}},{\\"type\\":\\"span\\",\\"key\\":\\"CVE-2019-6454\\",\\"ref\\":null,\\"props\\":{\\"children\\":\\"7.0\\"},\\"_owner\\":null,\\"_store\\":{}},{\\"type\\":\\"span\\",\\"key\\":\\"CVE-2019-6454\\",\\"ref\\":null,\\"props\\":{\\"children\\":{\\"key\\":null,\\"ref\\":null,\\"props\\":{\\"impact\\":\\"Important\\",\\"hasLabel\\":true,\\"hasTooltip\\":false,\\"tooltipPosition\\":\\"top\\",\\"tooltipPrefix\\":\\"\\",\\"title\\":\\"\\",\\"size\\":\\"md\\"},\\"_owner\\":null,\\"_store\\":{}}},\\"_owner\\":null,\\"_store\\":{}},{\\"type\\":\\"span\\",\\"key\\":\\"CVE-2019-6454\\",\\"ref\\":null,\\"props\\":{\\"children\\":2},\\"_owner\\":null,\\"_store\\":{}}]},{\\"id\\":\\"CVE-2019-6116\\",\\"cells\\":[{\\"type\\":\\"span\\",\\"key\\":\\"CVE-2019-6116\\",\\"ref\\":null,\\"props\\":{\\"children\\":{\\"key\\":null,\\"ref\\":null,\\"props\\":{\\"to\\":\\"/cves/CVE-2019-6116\\",\\"children\\":\\"CVE-2019-6116\\",\\"replace\\":false},\\"_owner\\":null,\\"_store\\":{}}},\\"_owner\\":null,\\"_store\\":{}},{\\"type\\":\\"span\\",\\"key\\":\\"CVE-2019-6116\\",\\"ref\\":null,\\"props\\":{\\"children\\":{\\"key\\":null,\\"ref\\":null,\\"props\\":{\\"content\\":\\"It was found that ghostscript\\",\\"maxLength\\":180,\\"entryDelay\\":1200,\\"tooltipPosition\\":\\"top\\",\\"tooltipMaxWidth\\":\\"50vw\\"},\\"_owner\\":null,\\"_store\\":{}}},\\"_owner\\":null,\\"_store\\":{}},{\\"type\\":\\"span\\",\\"key\\":\\"CVE-2019-6116\\",\\"ref\\":null,\\"props\\":{\\"children\\":\\"23 Jan 2019\\"},\\"_owner\\":null,\\"_store\\":{}},{\\"type\\":\\"span\\",\\"key\\":\\"CVE-2019-6116\\",\\"ref\\":null,\\"props\\":{\\"children\\":\\"7.3\\"},\\"_owner\\":null,\\"_store\\":{}},{\\"type\\":\\"span\\",\\"key\\":\\"CVE-2019-6116\\",\\"ref\\":null,\\"props\\":{\\"children\\":{\\"key\\":null,\\"ref\\":null,\\"props\\":{\\"impact\\":\\"Important\\",\\"hasLabel\\":true,\\"hasTooltip\\":false,\\"tooltipPosition\\":\\"top\\",\\"tooltipPrefix\\":\\"\\",\\"title\\":\\"\\",\\"size\\":\\"md\\"},\\"_owner\\":null,\\"_store\\":{}}},\\"_owner\\":null,\\"_store\\":{}},{\\"type\\":\\"span\\",\\"key\\":\\"CVE-2019-6116\\",\\"ref\\":null,\\"props\\":{\\"children\\":2},\\"_owner\\":null,\\"_store\\":{}}]},{\\"id\\":\\"CVE-2019-3815\\",\\"cells\\":[{\\"type\\":\\"span\\",\\"key\\":\\"CVE-2019-3815\\",\\"ref\\":null,\\"props\\":{\\"children\\":{\\"key\\":null,\\"ref\\":null,\\"props\\":{\\"to\\":\\"/cves/CVE-2019-3815\\",\\"children\\":\\"CVE-2019-3815\\",\\"replace\\":false},\\"_owner\\":null,\\"_store\\":{}}},\\"_owner\\":null,\\"_store\\":{}},{\\"type\\":\\"span\\",\\"key\\":\\"CVE-2019-3815\\",\\"ref\\":null,\\"props\\":{\\"children\\":{\\"key\\":null,\\"ref\\":null,\\"props\\":{\\"content\\":\\"A memory leak was discovered\\",\\"maxLength\\":180,\\"entryDelay\\":1200,\\"tooltipPosition\\":\\"top\\",\\"tooltipMaxWidth\\":\\"50vw\\"},\\"_owner\\":null,\\"_store\\":{}}},\\"_owner\\":null,\\"_store\\":{}},{\\"type\\":\\"span\\",\\"key\\":\\"CVE-2019-3815\\",\\"ref\\":null,\\"props\\":{\\"children\\":\\"14 Jan 2019\\"},\\"_owner\\":null,\\"_store\\":{}},{\\"type\\":\\"span\\",\\"key\\":\\"CVE-2019-3815\\",\\"ref\\":null,\\"props\\":{\\"children\\":\\"3.3\\"},\\"_owner\\":null,\\"_store\\":{}},{\\"type\\":\\"span\\",\\"key\\":\\"CVE-2019-3815\\",\\"ref\\":null,\\"props\\":{\\"children\\":{\\"key\\":null,\\"ref\\":null,\\"props\\":{\\"impact\\":\\"Low\\",\\"hasLabel\\":true,\\"hasTooltip\\":false,\\"tooltipPosition\\":\\"top\\",\\"tooltipPrefix\\":\\"\\",\\"title\\":\\"\\",\\"size\\":\\"md\\"},\\"_owner\\":null,\\"_store\\":{}}},\\"_owner\\":null,\\"_store\\":{}},{\\"type\\":\\"span\\",\\"key\\":\\"CVE-2019-3815\\",\\"ref\\":null,\\"props\\":{\\"children\\":2},\\"_owner\\":null,\\"_store\\":{}}]}],\\"meta\\":{\\"page\\":1,\\"page_size\\":25,\\"total_items\\":248,\\"pages\\":10,\\"sort\\":\\"-public_date\\",\\"filter\\":\\"\\",\\"show_all\\":\\"false\\",\\"cvss_from\\":\\"\\",\\"cvss_to\\":\\"\\",\\"public_from\\":\\"\\",\\"public_to\\":\\"\\"},\\"isLoading\\":false}"`;
